// Jest Snapshot v1, https://goo.gl/fbAQLP

exports[`should generate the expected HTML 1`] = `
<DocumentFragment>
  <div
    class="notifyBoxWrap cardShow"
  >
    <div
      class="notifyBoxSlide"
    >
      <div
        class="addTokenTitle"
      >
        Add New Token
      </div>
      <div
        class="addToken"
      >
        <div
          class="tokenRow"
        >
          <div
            class="tokenName"
          >
            <label
              class="tokenInputLabel"
            >
              Token Name
              <input
                class="tokenInput tokenInputAddress tokenInputDim"
                spellcheck="false"
                value="Token Name"
              />
            </label>
          </div>
        </div>
        <div
          class="tokenRow"
        >
          <div
            class="tokenSymbol"
          >
            <label
              class="tokenInputLabel"
            >
              Symbol
              <input
                class="tokenInput tokenInputAddress tokenInputDim"
                spellcheck="false"
                value="SYMBOL"
              />
            </label>
          </div>
          <div
            class="tokenDecimals"
          >
            <label
              class="tokenInputLabel"
            >
              Decimals
              <input
                class="tokenInput tokenInputAddress tokenInputDim"
                spellcheck="false"
                value="?"
              />
            </label>
          </div>
          <div
            class="tokenChainId"
          >
            <label
              class="tokenInputLabel"
            >
              Chain
              <div
                class="dropdownWrap"
              >
                <div
                  class="dropdown tokenInput"
                >
                  <div
                    class="dropdownItems"
                    role="listbox"
                    style="margin-top: 0px;"
                  >
                    <div
                      aria-selected="true"
                      class="dropdownItem"
                      role="option"
                      value="1"
                    >
                      Mainnet
                      <div
                        class="dropdownItemIndicator"
                      />
                    </div>
                    <div
                      aria-selected="false"
                      class="dropdownItem"
                      role="option"
                      value="137"
                    >
                      Polygon
                      <div
                        class="dropdownItemIndicator"
                      />
                    </div>
                  </div>
                </div>
              </div>
            </label>
          </div>
        </div>
        <div
          class="tokenRow"
        >
          <div
            class="tokenAddress"
          >
            <label
              class="tokenInputLabel"
            >
              Contract Address
              <input
                class="tokenInput tokenInputAddress tokenInputDim"
                spellcheck="false"
                value="Contract Address"
              />
            </label>
          </div>
        </div>
        <div
          class="tokenRow"
        >
          <div
            class="tokenLogoUri"
          >
            <label
              class="tokenInputLabel"
            >
              Logo URI
              <input
                class="tokenInput tokenInputAddress tokenInputDim"
                spellcheck="false"
                value="Logo URI"
              />
            </label>
          </div>
        </div>
        <div
          class="tokenRow"
        >
          <div
            class="addTokenSubmit"
          >
            Fill in Token Details
          </div>
        </div>
      </div>
    </div>
  </div>
</DocumentFragment>
`;
